// Jest Snapshot v1, https://goo.gl/fbAQLP

exports[`SinlgeHistory component renders a list of histories 1`] = `
<DocumentFragment>
  <div
    class="SingleHistory"
  >
    <p>
      www.url.com
    </p>
    <p>
      GET
    </p>
  </div>
</DocumentFragment>
`;
